0 verbose cli /opt/homebrew/Cellar/node/26.0.0/bin/node /opt/homebrew/lib/node_modules/npm/bin/npm-cli.js
1 info using npm@11.12.1
2 info using node@v26.0.0
3 silly config load:file:/opt/homebrew/lib/node_modules/npm/npmrc
4 silly config load:file:/Users/thrilokm/QML/EV_Battery_Quantum/.npmrc
5 silly config load:file:/Users/thrilokm/QML/EV_Battery_Quantum/fakehome/.npmrc
6 silly config load:file:/opt/homebrew/etc/npmrc
7 verbose title npm exec create-next-app@latest frontend --ts --tailwind --eslint --app --src-dir --use-npm --import-alias @/*
8 verbose argv "exec" "--yes" "--" "create-next-app@latest" "frontend" "--ts" "--tailwind" "--eslint" "--app" "--src-dir" "--use-npm" "--import-alias" "@/*"
9 verbose logfile logs-max:10 dir:/Users/thrilokm/QML/EV_Battery_Quantum/fakehome/.npm/_logs/2026-08-13T05_29_52_035Z-
10 verbose logfile /Users/thrilokm/QML/EV_Battery_Quantum/fakehome/.npm/_logs/2026-08-13T05_29_52_035Z-debug-0.log
11 silly logfile done cleaning log files
12 silly packumentCache heap:4395630592 maxSize:1098907648 maxEntrySize:549453824
13 http fetch GET https://registry.npmjs.org/npm attempt 1 failed with ENOTFOUND
14 http fetch GET https://registry.npmjs.org/create-next-app attempt 1 failed with ENOTFOUND
15 http fetch GET https://registry.npmjs.org/npm attempt 2 failed with ENOTFOUND
16 http fetch GET https://registry.npmjs.org/create-next-app attempt 2 failed with ENOTFOUND
17 http fetch GET https://registry.npmjs.org/npm attempt 3 failed with ENOTFOUND
18 http fetch GET https://registry.npmjs.org/create-next-app attempt 3 failed with ENOTFOUND
19 verbose type system
20 verbose stack FetchError: request to https://registry.npmjs.org/create-next-app failed, reason: getaddrinfo ENOTFOUND registry.npmjs.org
20 verbose stack     at ClientRequest.<anonymous> (/opt/homebrew/lib/node_modules/npm/node_modules/minipass-fetch/lib/index.js:130:14)
20 verbose stack     at ClientRequest.emit (node:events:509:20)
20 verbose stack     at emitErrorEvent (node:_http_client:109:11)
20 verbose stack     at _destroy (node:_http_client:993:9)
20 verbose stack     at onSocketNT (node:_http_client:1013:5)
20 verbose stack     at process.processTicksAndRejections (node:internal/process/task_queues:91:21)
21 error code ENOTFOUND
22 error syscall getaddrinfo
23 error errno ENOTFOUND
24 error network request to https://registry.npmjs.org/create-next-app failed, reason: getaddrinfo ENOTFOUND registry.npmjs.org
25 error network This is a problem related to network connectivity.
25 error network In most cases you are behind a proxy or have bad network settings.
25 error network
25 error network If you are behind a proxy, please make sure that the 'proxy' config is set properly.  See: 'npm help config'
26 verbose cwd /Users/thrilokm/QML/EV_Battery_Quantum
27 verbose os Darwin 25.5.0
28 verbose node v26.0.0
29 verbose npm  v11.12.1
30 verbose exit 1
31 verbose code 1
32 error A complete log of this run can be found in: /Users/thrilokm/QML/EV_Battery_Quantum/fakehome/.npm/_logs/2026-08-13T05_29_52_035Z-debug-0.log
